\BOOKMARK [0][-]{chapter.1}{\376\377\000I\000n\000t\000r\000o\000d\000u\000c\000t\000i\000o\000n}{}% 1
\BOOKMARK [1][-]{section.1.1}{\376\377\000A\000b\000o\000u\000t\000\040\000T\000i\000s\000s\000U\000U\000m\000a\000p\000s}{chapter.1}% 2
\BOOKMARK [1][-]{section.1.2}{\376\377\000I\000n\000s\000t\000a\000l\000l\000a\000t\000i\000o\000n}{chapter.1}% 3
\BOOKMARK [2][-]{subsection.1.2.1}{\376\377\000W\000i\000n\000d\000o\000w\000s\000\040\000i\000n\000s\000t\000a\000l\000l\000a\000t\000i\000o\000n}{section.1.2}% 4
\BOOKMARK [2][-]{subsection.1.2.2}{\376\377\000M\000a\000c\000O\000S\000\040\000i\000n\000s\000t\000a\000l\000l\000a\000t\000i\000o\000n}{section.1.2}% 5
\BOOKMARK [2][-]{subsection.1.2.3}{\376\377\000D\000e\000b\000i\000a\000n\000\040\000/\000\040\000U\000b\000u\000n\000t\000u\000\040\000i\000n\000s\000t\000a\000l\000l\000a\000t\000i\000o\000n}{section.1.2}% 6
\BOOKMARK [2][-]{subsection.1.2.4}{\376\377\000P\000I\000P\000\040\000i\000n\000s\000t\000a\000l\000l\000a\000t\000i\000o\000n}{section.1.2}% 7
\BOOKMARK [1][-]{section.1.3}{\376\377\000C\000i\000t\000i\000n\000g\000\040\000T\000i\000s\000s\000U\000U\000m\000a\000p\000s}{chapter.1}% 8
\BOOKMARK [1][-]{section.1.4}{\376\377\000C\000h\000a\000n\000g\000e\000l\000o\000g}{chapter.1}% 9
\BOOKMARK [2][-]{subsection.1.4.1}{\376\377\0003\000.\0002\000.\0001\000.\0001\0003}{section.1.4}% 10
\BOOKMARK [2][-]{subsection.1.4.2}{\376\377\0003\000.\0002\000.\0001\000.\0001\0000}{section.1.4}% 11
\BOOKMARK [2][-]{subsection.1.4.3}{\376\377\0003\000.\0002\000.\0001\000.\0005}{section.1.4}% 12
\BOOKMARK [2][-]{subsection.1.4.4}{\376\377\0003\000.\0002\000.\0001\000.\0002}{section.1.4}% 13
\BOOKMARK [2][-]{subsection.1.4.5}{\376\377\0003\000.\0002\000.\0001\000.\0001}{section.1.4}% 14
\BOOKMARK [2][-]{subsection.1.4.6}{\376\377\0003\000.\0002\000.\0001}{section.1.4}% 15
\BOOKMARK [2][-]{subsection.1.4.7}{\376\377\0003\000.\0002\000.\0000\000.\0005}{section.1.4}% 16
\BOOKMARK [2][-]{subsection.1.4.8}{\376\377\0003\000.\0002\000.\0000\000.\0004}{section.1.4}% 17
\BOOKMARK [2][-]{subsection.1.4.9}{\376\377\0003\000.\0002}{section.1.4}% 18
\BOOKMARK [2][-]{subsection.1.4.10}{\376\377\0003\000.\0001\000.\0001\000.\0006}{section.1.4}% 19
\BOOKMARK [2][-]{subsection.1.4.11}{\376\377\0003\000.\0001\000.\0001\000.\0005}{section.1.4}% 20
\BOOKMARK [2][-]{subsection.1.4.12}{\376\377\0003\000.\0001\000.\0001\000.\0004}{section.1.4}% 21
\BOOKMARK [2][-]{subsection.1.4.13}{\376\377\0003\000.\0001\000.\0001\000.\0003}{section.1.4}% 22
\BOOKMARK [2][-]{subsection.1.4.14}{\376\377\0003\000.\0001\000.\0001\000.\0002}{section.1.4}% 23
\BOOKMARK [2][-]{subsection.1.4.15}{\376\377\0003\000.\0001\000.\0001}{section.1.4}% 24
\BOOKMARK [2][-]{subsection.1.4.16}{\376\377\0003\000.\0001\000.\0000\000.\0008}{section.1.4}% 25
\BOOKMARK [2][-]{subsection.1.4.17}{\376\377\0003\000.\0001\000.\0000\000.\0007}{section.1.4}% 26
\BOOKMARK [2][-]{subsection.1.4.18}{\376\377\0003\000.\0001\000.\0000\000.\0006}{section.1.4}% 27
\BOOKMARK [2][-]{subsection.1.4.19}{\376\377\0003\000.\0001\000.\0000\000.\0005}{section.1.4}% 28
\BOOKMARK [2][-]{subsection.1.4.20}{\376\377\0003\000.\0001\000.\0000\000.\0004}{section.1.4}% 29
\BOOKMARK [2][-]{subsection.1.4.21}{\376\377\0003\000.\0001\000.\0000\000.\0003}{section.1.4}% 30
\BOOKMARK [2][-]{subsection.1.4.22}{\376\377\0003\000.\0001\000.\0000\000.\0002}{section.1.4}% 31
\BOOKMARK [2][-]{subsection.1.4.23}{\376\377\0003\000.\0001\000.\0000\000.\0001}{section.1.4}% 32
\BOOKMARK [2][-]{subsection.1.4.24}{\376\377\0003\000.\0001}{section.1.4}% 33
\BOOKMARK [2][-]{subsection.1.4.25}{\376\377\0003\000.\0000\000.\0001\0000\000.\0004}{section.1.4}% 34
\BOOKMARK [2][-]{subsection.1.4.26}{\376\377\0003\000.\0000\000.\0001\0000\000.\0003}{section.1.4}% 35
\BOOKMARK [2][-]{subsection.1.4.27}{\376\377\0003\000.\0000\000.\0001\0000\000.\0002}{section.1.4}% 36
\BOOKMARK [2][-]{subsection.1.4.28}{\376\377\0003\000.\0000\000.\0001\0000\000.\0001}{section.1.4}% 37
\BOOKMARK [2][-]{subsection.1.4.29}{\376\377\0003\000.\0000\000.\0001\0000}{section.1.4}% 38
\BOOKMARK [2][-]{subsection.1.4.30}{\376\377\0003\000.\0000\000.\0009\000.\0006}{section.1.4}% 39
\BOOKMARK [2][-]{subsection.1.4.31}{\376\377\0003\000.\0000\000.\0009\000.\0005}{section.1.4}% 40
\BOOKMARK [2][-]{subsection.1.4.32}{\376\377\0003\000.\0000\000.\0009\000.\0003}{section.1.4}% 41
\BOOKMARK [2][-]{subsection.1.4.33}{\376\377\0003\000.\0000\000.\0009\000.\0001}{section.1.4}% 42
\BOOKMARK [2][-]{subsection.1.4.34}{\376\377\0003\000.\0000\000.\0009}{section.1.4}% 43
\BOOKMARK [2][-]{subsection.1.4.35}{\376\377\0003\000.\0000\000.\0008\000.\0009}{section.1.4}% 44
\BOOKMARK [2][-]{subsection.1.4.36}{\376\377\0003\000.\0000\000.\0008\000.\0005}{section.1.4}% 45
\BOOKMARK [2][-]{subsection.1.4.37}{\376\377\0003\000.\0000\000.\0008\000.\0004}{section.1.4}% 46
\BOOKMARK [2][-]{subsection.1.4.38}{\376\377\0003\000.\0000\000.\0008\000.\0003}{section.1.4}% 47
\BOOKMARK [2][-]{subsection.1.4.39}{\376\377\0003\000.\0000\000.\0008\000.\0002}{section.1.4}% 48
\BOOKMARK [2][-]{subsection.1.4.40}{\376\377\0003\000.\0000\000.\0008\000.\0001}{section.1.4}% 49
\BOOKMARK [2][-]{subsection.1.4.41}{\376\377\0003\000.\0000\000.\0008}{section.1.4}% 50
\BOOKMARK [2][-]{subsection.1.4.42}{\376\377\0003\000.\0000\000.\0007}{section.1.4}% 51
\BOOKMARK [2][-]{subsection.1.4.43}{\376\377\0003\000.\0000\000.\0006}{section.1.4}% 52
\BOOKMARK [2][-]{subsection.1.4.44}{\376\377\0003\000.\0000\000.\0005}{section.1.4}% 53
\BOOKMARK [2][-]{subsection.1.4.45}{\376\377\0003\000.\0000\000.\0004}{section.1.4}% 54
\BOOKMARK [2][-]{subsection.1.4.46}{\376\377\0003\000.\0000}{section.1.4}% 55
\BOOKMARK [0][-]{chapter.2}{\376\377\000G\000e\000t\000t\000i\000n\000g\000\040\000s\000t\000a\000r\000t\000e\000d}{}% 56
\BOOKMARK [1][-]{section.2.1}{\376\377\000I\000m\000a\000g\000e\000s}{chapter.2}% 57
\BOOKMARK [2][-]{subsection.2.1.1}{\376\377\000S\000u\000p\000p\000o\000r\000t\000e\000d\000\040\000i\000m\000a\000g\000e\000\040\000f\000o\000r\000m\000a\000t\000s}{section.2.1}% 58
\BOOKMARK [2][-]{subsection.2.1.2}{\376\377\000L\000o\000a\000d\000\040\000i\000m\000a\000g\000e\000s}{section.2.1}% 59
\BOOKMARK [2][-]{subsection.2.1.3}{\376\377\000L\000o\000a\000d\000\040\000i\000m\000a\000g\000e\000s\000\040\000u\000s\000i\000n\000g\000\040\000T\000i\000s\000s\000U\000U\000m\000a\000p\000s\000\040\000s\000e\000r\000v\000e\000r}{section.2.1}% 60
\BOOKMARK [2][-]{subsection.2.1.4}{\376\377\000A\000p\000p\000l\000y\000\040\000f\000i\000l\000t\000e\000r\000s}{section.2.1}% 61
\BOOKMARK [2][-]{subsection.2.1.5}{\376\377\000A\000p\000p\000l\000y\000\040\000t\000r\000a\000n\000s\000f\000o\000r\000m\000a\000t\000i\000o\000n\000s}{section.2.1}% 62
\BOOKMARK [1][-]{section.2.2}{\376\377\000M\000a\000r\000k\000e\000r\000s}{chapter.2}% 63
\BOOKMARK [2][-]{subsection.2.2.1}{\376\377\000S\000u\000p\000p\000o\000r\000t\000e\000d\000\040\000m\000a\000r\000k\000e\000r\000\040\000f\000o\000r\000m\000a\000t}{section.2.2}% 64
\BOOKMARK [2][-]{subsection.2.2.2}{\376\377\000L\000o\000a\000d\000\040\000m\000a\000r\000k\000e\000r\000s}{section.2.2}% 65
\BOOKMARK [2][-]{subsection.2.2.3}{\376\377\000M\000a\000r\000k\000e\000r\000s\000\040\000s\000e\000t\000t\000i\000n\000g\000s}{section.2.2}% 66
\BOOKMARK [3][-]{subsubsection*.3}{\376\377\000F\000i\000l\000e\000\040\000a\000n\000d\000\040\000c\000o\000o\000r\000d\000i\000n\000a\000t\000e\000s}{subsection.2.2.3}% 67
\BOOKMARK [3][-]{subsubsection*.4}{\376\377\000R\000e\000n\000d\000e\000r\000\040\000o\000p\000t\000i\000o\000n\000s}{subsection.2.2.3}% 68
\BOOKMARK [3][-]{subsubsection*.5}{\376\377\000A\000d\000v\000a\000n\000c\000e\000d\000\040\000o\000p\000t\000i\000o\000n\000s}{subsection.2.2.3}% 69
\BOOKMARK [3][-]{subsubsection*.6}{\376\377\000T\000a\000b\000l\000e\000\040\000o\000f\000\040\000m\000a\000r\000k\000e\000r\000s}{subsection.2.2.3}% 70
\BOOKMARK [1][-]{section.2.3}{\376\377\000R\000e\000g\000i\000o\000n\000s}{chapter.2}% 71
\BOOKMARK [2][-]{subsection.2.3.1}{\376\377\000S\000u\000p\000p\000o\000r\000t\000e\000d\000\040\000r\000e\000g\000i\000o\000n\000\040\000f\000o\000r\000m\000a\000t\000s}{section.2.3}% 72
\BOOKMARK [2][-]{subsection.2.3.2}{\376\377\000T\000o\000o\000l\000b\000a\000r\000\040\000F\000e\000a\000t\000u\000r\000e\000s}{section.2.3}% 73
\BOOKMARK [3][-]{subsubsection*.7}{\376\377\000D\000r\000a\000w\000i\000n\000g\000\040\000T\000o\000o\000l\000s}{subsection.2.3.2}% 74
\BOOKMARK [4][-]{paragraph*.8}{\376\377\0001\000.\000\040\000F\000r\000e\000e\000\040\000H\000a\000n\000d\000\040\000D\000r\000a\000w\000i\000n\000g}{subsubsection*.7}% 75
\BOOKMARK [4][-]{paragraph*.9}{\376\377\0002\000.\000\040\000P\000o\000i\000n\000t\000-\000B\000a\000s\000e\000d\000\040\000D\000r\000a\000w\000i\000n\000g}{subsubsection*.7}% 76
\BOOKMARK [4][-]{paragraph*.10}{\376\377\0003\000.\000\040\000B\000r\000u\000s\000h\000-\000B\000a\000s\000e\000d\000\040\000D\000r\000a\000w\000i\000n\000g}{subsubsection*.7}% 77
\BOOKMARK [4][-]{paragraph*.11}{\376\377\0004\000.\000\040\000R\000e\000c\000t\000a\000n\000g\000l\000e\000\040\000D\000r\000a\000w\000i\000n\000g}{subsubsection*.7}% 78
\BOOKMARK [4][-]{paragraph*.12}{\376\377\0005\000.\000\040\000E\000l\000l\000i\000p\000s\000e\000\040\000D\000r\000a\000w\000i\000n\000g}{subsubsection*.7}% 79
\BOOKMARK [3][-]{subsubsection*.13}{\376\377\000O\000t\000h\000e\000r\000\040\000T\000o\000o\000l\000s}{subsection.2.3.2}% 80
\BOOKMARK [3][-]{subsubsection*.14}{\376\377\000S\000e\000l\000e\000c\000t\000e\000d\000\040\000R\000e\000g\000i\000o\000n\000\040\000T\000o\000o\000l\000s}{subsection.2.3.2}% 81
\BOOKMARK [3][-]{subsubsection*.15}{\376\377\000M\000u\000l\000t\000i\000p\000l\000e\000\040\000S\000e\000l\000e\000c\000t\000e\000d\000\040\000R\000e\000g\000i\000o\000n\000s}{subsection.2.3.2}% 82
\BOOKMARK [2][-]{subsection.2.3.3}{\376\377\000L\000i\000s\000t\000\040\000o\000f\000\040\000r\000e\000g\000i\000o\000n\000s\000\040\000i\000n\000\040\000t\000h\000e\000\040\000r\000i\000g\000h\000t\000\040\000m\000e\000n\000u}{section.2.3}% 83
\BOOKMARK [2][-]{subsection.2.3.4}{\376\377\000R\000e\000g\000i\000o\000n\000\040\000S\000t\000a\000t\000i\000s\000t\000i\000c\000s}{section.2.3}% 84
\BOOKMARK [2][-]{subsection.2.3.5}{\376\377\000I\000m\000p\000o\000r\000t\000\040\000R\000e\000g\000i\000o\000n\000s}{section.2.3}% 85
\BOOKMARK [2][-]{subsection.2.3.6}{\376\377\000E\000x\000p\000o\000r\000t\000\040\000R\000e\000g\000i\000o\000n\000s}{section.2.3}% 86
\BOOKMARK [1][-]{section.2.4}{\376\377\000P\000r\000o\000j\000e\000c\000t\000s}{chapter.2}% 87
\BOOKMARK [2][-]{subsection.2.4.1}{\376\377\000S\000a\000v\000i\000n\000g\000\040\000p\000r\000o\000j\000e\000c\000t\000s}{section.2.4}% 88
\BOOKMARK [2][-]{subsection.2.4.2}{\376\377\000L\000o\000a\000d\000i\000n\000g\000\040\000p\000r\000o\000j\000e\000c\000t\000s}{section.2.4}% 89
\BOOKMARK [2][-]{subsection.2.4.3}{\376\377\000E\000d\000i\000t\000i\000n\000g\000\040\000.\000t\000m\000a\000p\000\040\000f\000i\000l\000e\000\040\000m\000a\000n\000u\000a\000l\000l\000y}{section.2.4}% 90
\BOOKMARK [2][-]{subsection.2.4.4}{\376\377\000E\000x\000i\000s\000t\000i\000n\000g\000\040\000p\000r\000o\000j\000e\000c\000t\000s}{section.2.4}% 91
\BOOKMARK [3][-]{subsubsection*.16}{\376\377\000H\000u\000m\000a\000n\000\040\000D\000e\000v\000e\000l\000o\000p\000m\000e\000n\000t\000a\000l\000\040\000L\000u\000n\000g\000\040\000C\000e\000l\000l\000\040\000A\000t\000l\000a\000s\000\040\000\050\000p\000c\000w\000\040\0005\000-\000\040\000p\000c\000w\000\040\0001\0004\000\051}{subsection.2.4.4}% 92
\BOOKMARK [3][-]{subsubsection*.17}{\376\377\000M\000o\000d\000e\000l\000l\000i\000n\000g\000\040\000o\000f\000\040\000c\000e\000l\000l\000-\000t\000y\000p\000e\000\040\000s\000i\000g\000n\000a\000t\000u\000r\000e\000s\000\040\000i\000n\000\040\000t\000h\000e\000\040\000d\000e\000v\000e\000l\000o\000p\000m\000e\000n\000t\000a\000l\000\040\000h\000u\000m\000a\000n\000\040\000h\000e\000a\000r\000t}{subsection.2.4.4}% 93
\BOOKMARK [3][-]{subsubsection*.18}{\376\377\000A\000u\000t\000o\000m\000a\000t\000e\000d\000\040\000i\000d\000e\000n\000t\000i\000f\000i\000c\000a\000t\000i\000o\000n\000\040\000o\000f\000\040\000t\000h\000e\000\040\000m\000o\000u\000s\000e\000\040\000b\000r\000a\000i\000n\040\031\000s\000\040\000s\000p\000a\000t\000i\000a\000l\000\040\000c\000o\000m\000p\000a\000r\000t\000m\000e\000n\000t\000s\000\040\000f\000r\000o\000m\000\040\000i\000n\000\040\000s\000i\000t\000u\000\040\000s\000e\000q\000u\000e\000n\000c\000i\000n\000g\000\040\000d\000a\000t\000a}{subsection.2.4.4}% 94
\BOOKMARK [3][-]{subsubsection*.19}{\376\377\000S\000p\000a\000g\000e\0002\000v\000e\000c\000:\000\040\000U\000n\000s\000u\000p\000e\000r\000v\000i\000s\000e\000d\000\040\000r\000e\000p\000r\000e\000s\000e\000n\000t\000a\000t\000i\000o\000n\000\040\000o\000f\000\040\000l\000o\000c\000a\000l\000i\000z\000e\000d\000\040\000s\000p\000a\000t\000i\000a\000l\000\040\000g\000e\000n\000e\000\040\000e\000x\000p\000r\000e\000s\000s\000i\000o\000n\000\040\000s\000i\000g\000n\000a\000t\000u\000r\000e\000s}{subsection.2.4.4}% 95
\BOOKMARK [3][-]{subsubsection*.20}{\376\377\000A\000r\000t\000i\000f\000i\000c\000i\000a\000l\000\040\000i\000n\000t\000e\000l\000l\000i\000g\000e\000n\000c\000e\000\040\000f\000o\000r\000\040\000d\000i\000a\000g\000n\000o\000s\000i\000s\000\040\000a\000n\000d\000\040\000g\000r\000a\000d\000i\000n\000g\000\040\000o\000f\000\040\000p\000r\000o\000s\000t\000a\000t\000e\000\040\000c\000a\000n\000c\000e\000r\000\040\000i\000n\000\040\000b\000i\000o\000p\000s\000i\000e\000s\000:\000\040\000a\000\040\000p\000o\000p\000u\000l\000a\000t\000i\000o\000n\000-\000b\000a\000s\000e\000d}{subsection.2.4.4}% 96
\BOOKMARK [1][-]{section.2.5}{\376\377\000E\000x\000p\000o\000r\000t\000i\000n\000g\000\040\000s\000c\000r\000e\000e\000n\000s\000h\000o\000t\000s}{chapter.2}% 97
\BOOKMARK [1][-]{section.2.6}{\376\377\000P\000l\000u\000g\000i\000n\000s}{chapter.2}% 98
\BOOKMARK [2][-]{subsection.2.6.1}{\376\377\000L\000o\000a\000d\000\040\000p\000l\000u\000g\000i\000n\000s}{section.2.6}% 99
\BOOKMARK [2][-]{subsection.2.6.2}{\376\377\000M\000a\000k\000e\000\040\000y\000o\000u\000r\000\040\000o\000w\000n\000\040\000p\000l\000u\000g\000i\000n}{section.2.6}% 100
\BOOKMARK [3][-]{subsubsection*.21}{\376\377\000J\000a\000v\000a\000s\000c\000r\000i\000p\000t\000\040\000f\000i\000l\000e}{subsection.2.6.2}% 101
\BOOKMARK [4][-]{paragraph*.22}{\376\377\000J\000a\000v\000a\000s\000c\000r\000i\000p\000t\000\040\000e\000x\000a\000m\000p\000l\000e\000:}{subsubsection*.21}% 102
\BOOKMARK [4][-]{paragraph*.23}{\376\377\000P\000l\000u\000g\000i\000n\000\040\000p\000a\000r\000a\000m\000e\000t\000e\000r\000s}{subsubsection*.21}% 103
\BOOKMARK [4][-]{paragraph*.24}{\376\377\000J\000a\000v\000a\000s\000c\000r\000i\000p\000t\000\040\000A\000P\000I}{subsubsection*.21}% 104
\BOOKMARK [3][-]{subsubsection*.25}{\376\377\000P\000y\000t\000h\000o\000n\000\040\000f\000i\000l\000e}{subsection.2.6.2}% 105
\BOOKMARK [1][-]{section.2.7}{\376\377\000S\000h\000o\000r\000t\000c\000u\000t\000s}{chapter.2}% 106
\BOOKMARK [0][-]{chapter.3}{\376\377\000S\000h\000a\000r\000i\000n\000g\000\040\000p\000r\000o\000j\000e\000c\000t\000s}{}% 107
\BOOKMARK [1][-]{section.3.1}{\376\377\000A\000p\000a\000c\000h\000e\000\040\000s\000e\000r\000v\000e\000r}{chapter.3}% 108
\BOOKMARK [1][-]{section.3.2}{\376\377\000D\000o\000c\000k\000e\000r\000\040\000c\000o\000n\000t\000a\000i\000n\000e\000r}{chapter.3}% 109
\BOOKMARK [2][-]{subsection.3.2.1}{\376\377\000S\000t\000a\000r\000t\000\040\000a\000\040\000T\000i\000s\000s\000U\000U\000m\000a\000p\000s\000\040\000d\000o\000c\000k\000e\000r\000\040\000i\000n\000s\000t\000a\000n\000c\000e}{section.3.2}% 110
\BOOKMARK [2][-]{subsection.3.2.2}{\376\377\000D\000e\000f\000i\000n\000e\000\040\000T\000i\000s\000s\000U\000U\000m\000a\000p\000s\000\040\000s\000e\000r\000v\000i\000c\000e\000\040\000i\000n\000\040\000a\000\040\000C\000o\000m\000p\000o\000s\000e\000\040\000f\000i\000l\000e}{section.3.2}% 111
\BOOKMARK [2][-]{subsection.3.2.3}{\376\377\000C\000o\000n\000f\000i\000g\000u\000r\000e\000\040\000s\000f\000t\000p\000\040\000m\000u\000l\000t\000i\000-\000u\000s\000e\000r\000\040\000a\000c\000c\000e\000s\000s\000\040\000\050\000O\000p\000t\000i\000o\000n\000a\000l\000\051}{section.3.2}% 112
\BOOKMARK [2][-]{subsection.3.2.4}{\376\377\000P\000a\000s\000s\000w\000o\000r\000d\000\040\000p\000r\000o\000t\000e\000c\000t\000i\000o\000n\000\040\000o\000f\000\040\000f\000i\000l\000e\000s\000\040\000h\000o\000s\000t\000e\000d\000\040\000o\000n\000\040\000T\000i\000s\000s\000U\000U\000m\000a\000p\000s\000\040\000d\000o\000c\000k\000e\000r}{section.3.2}% 113
\BOOKMARK [0][-]{chapter.4}{\376\377\000A\000d\000v\000a\000n\000c\000e\000d\000\040\000u\000s\000a\000g\000e}{}% 114
\BOOKMARK [1][-]{section.4.1}{\376\377\000J\000u\000p\000y\000t\000e\000r\000\040\000n\000o\000t\000e\000b\000o\000o\000k\000s}{chapter.4}% 115
\BOOKMARK [1][-]{section.4.2}{\376\377\000N\000a\000p\000a\000r\000i}{chapter.4}% 116
\BOOKMARK [1][-]{section.4.3}{\376\377\000A\000n\000n\000D\000a\000t\000a\000\040\000H\000a\000n\000d\000l\000i\000n\000g\000\040\000i\000n\000\040\000T\000i\000s\000s\000U\000U\000m\000a\000p\000s}{chapter.4}% 117
\BOOKMARK [2][-]{subsection.4.3.1}{\376\377\000L\000o\000a\000d\000i\000n\000g\000\040\000A\000n\000n\000D\000a\000t\000a\000\040\000O\000b\000j\000e\000c\000t\000s}{section.4.3}% 118
\BOOKMARK [2][-]{subsection.4.3.2}{\376\377\000A\000n\000n\000D\000a\000t\000a\000\040\000S\000p\000e\000c\000i\000f\000i\000c\000a\000t\000i\000o\000n\000\040\000i\000n\000\040\000T\000i\000s\000s\000U\000U\000m\000a\000p\000s}{section.4.3}% 119
\BOOKMARK [3][-]{subsubsection*.26}{\376\377\000S\000p\000a\000t\000i\000a\000l\000\040\000C\000o\000o\000r\000d\000i\000n\000a\000t\000e\000s}{subsection.4.3.2}% 120
\BOOKMARK [3][-]{subsubsection*.27}{\376\377\000O\000b\000s\000e\000r\000v\000a\000t\000i\000o\000n\000s}{subsection.4.3.2}% 121
\BOOKMARK [3][-]{subsubsection*.28}{\376\377\000G\000e\000n\000e\000\040\000E\000x\000p\000r\000e\000s\000s\000i\000o\000n\000s}{subsection.4.3.2}% 122
\BOOKMARK [3][-]{subsubsection*.29}{\376\377\000V\000a\000r\000i\000a\000b\000l\000e\000\040\000I\000n\000f\000o\000r\000m\000a\000t\000i\000o\000n}{subsection.4.3.2}% 123
\BOOKMARK [3][-]{subsubsection*.30}{\376\377\000I\000m\000a\000g\000e\000\040\000L\000o\000a\000d\000i\000n\000g}{subsection.4.3.2}% 124
\BOOKMARK [2][-]{subsection.4.3.3}{\376\377\000D\000r\000o\000p\000d\000o\000w\000n\000s}{section.4.3}% 125
\BOOKMARK [2][-]{subsection.4.3.4}{\376\377\000E\000x\000a\000m\000p\000l\000e}{section.4.3}% 126
\BOOKMARK [1][-]{section.4.4}{\376\377\000T\000h\000e\000\040\000T\000M\000A\000P\000\040\000f\000i\000l\000e\000\040\000f\000o\000r\000m\000a\000t}{chapter.4}% 127
\BOOKMARK [2][-]{subsection.4.4.1}{\376\377\000P\000r\000o\000j\000e\000c\000t}{section.4.4}% 128
\BOOKMARK [3][-]{subsubsection*.31}{\376\377\000B\000o\000u\000n\000d\000i\000n\000g\000B\000o\000x}{subsection.4.4.1}% 129
\BOOKMARK [3][-]{subsubsection*.32}{\376\377\000C\000o\000l\000l\000e\000c\000t\000i\000o\000n\000L\000a\000y\000o\000u\000t}{subsection.4.4.1}% 130
\BOOKMARK [3][-]{subsubsection*.33}{\376\377\000C\000o\000m\000p\000o\000s\000i\000t\000e\000M\000o\000d\000e}{subsection.4.4.1}% 131
\BOOKMARK [3][-]{subsubsection*.34}{\376\377\000D\000r\000o\000p\000d\000o\000w\000n\000O\000p\000t\000i\000o\000n}{subsection.4.4.1}% 132
\BOOKMARK [3][-]{subsubsection*.35}{\376\377\000E\000x\000p\000e\000c\000t\000e\000d\000H\000e\000a\000d\000e\000r}{subsection.4.4.1}% 133
\BOOKMARK [3][-]{subsubsection*.36}{\376\377\000E\000x\000p\000e\000c\000t\000e\000d\000R\000a\000d\000i\000o\000s}{subsection.4.4.1}% 134
\BOOKMARK [3][-]{subsubsection*.37}{\376\377\000F\000i\000l\000t\000e\000r}{subsection.4.4.1}% 135
\BOOKMARK [3][-]{subsubsection*.38}{\376\377\000L\000a\000y\000e\000r}{subsection.4.4.1}% 136
\BOOKMARK [3][-]{subsubsection*.39}{\376\377\000L\000a\000y\000e\000r\000C\000l\000i\000p}{subsection.4.4.1}% 137
\BOOKMARK [3][-]{subsubsection*.40}{\376\377\000L\000a\000y\000e\000r\000F\000i\000l\000t\000e\000r}{subsection.4.4.1}% 138
\BOOKMARK [3][-]{subsubsection*.41}{\376\377\000L\000a\000y\000o\000u\000t\000A\000x\000i\000s}{subsection.4.4.1}% 139
\BOOKMARK [3][-]{subsubsection*.42}{\376\377\000M\000a\000r\000k\000e\000r\000F\000i\000l\000e}{subsection.4.4.1}% 140
\BOOKMARK [3][-]{subsubsection*.43}{\376\377\000R\000e\000g\000i\000o\000n\000F\000i\000l\000e}{subsection.4.4.1}% 141
\BOOKMARK [3][-]{subsubsection*.44}{\376\377\000S\000e\000t\000t\000i\000n\000g}{subsection.4.4.1}% 142
\BOOKMARK [3][-]{subsubsection*.45}{\376\377\000m\000e\000n\000u\000B\000u\000t\000t\000o\000n}{subsection.4.4.1}% 143
\BOOKMARK [2][-]{subsection.4.4.2}{\376\377\000E\000x\000a\000m\000p\000l\000e\000\040\000o\000f\000\040\000a\000\040\000.\000t\000m\000a\000p\000\040\000f\000i\000l\000e}{section.4.4}% 144
\BOOKMARK [0][-]{chapter.5}{\376\377\000S\000u\000p\000p\000o\000r\000t}{}% 145
\BOOKMARK [1][-]{section.5.1}{\376\377\000H\000o\000w\000\040\000t\000o\000\040\000s\000e\000e\000k\000\040\000s\000u\000p\000p\000o\000r\000t\000\040\000a\000n\000d\000\040\000d\000i\000s\000c\000u\000s\000s\000i\000o\000n}{chapter.5}% 146
\BOOKMARK [1][-]{section.5.2}{\376\377\000H\000o\000w\000\040\000t\000o\000\040\000i\000s\000s\000u\000e\000\040\000a\000n\000\040\000e\000r\000r\000o\000r\000\040\000o\000n\000\040\000G\000i\000t\000H\000u\000b}{chapter.5}% 147
